[11:44:54] Traceback (most recent call last):
[11:44:54]   File "\\tw100049089\00_MyAgent\THS\yield_dashboard.py", line 294, in do_GET
[11:44:54]     if   path=='/':                self.send_html(HTML)
[11:44:54]                                    ^^^^^^^^^^^^^^^^^^^^
[11:44:54]   File "\\tw100049089\00_MyAgent\THS\yield_dashboard.py", line 282, in send_html
[11:44:54]     self.send_header('Content-Length',len(b)); self.end_headers(); self.wfile.write(b)
[11:44:54]                                                                    ^^^^^^^^^^^^^^^^^^^
[11:44:54]   File "C:\Users\1409313\AppData\Local\Programs\Python\Python312\Lib\socketserver.py", line 845, in write
[11:44:54]     self._sock.sendall(b)
[11:44:54] ConnectionAbortedError: [WinError 10053] 連線已被您主機上的軟體中止。
[11:44:54] ----------------------------------------
[11:44:54] Exception occurred during processing of request from ('10.36.38.240', 58400)
[11:44:54] Traceback (most recent call last):
[11:44:54]   File "\\tw100049089\00_MyAgent\THS\yield_dashboard.py", line 294, in do_GET
[11:44:54]     if   path=='/':                self.send_html(HTML)
[11:44:54]                                    ^^^^^^^^^^^^^^^^^^^^
[11:44:54]   File "\\tw100049089\00_MyAgent\THS\yield_dashboard.py", line 282, in send_html
[11:44:54]     self.send_header('Content-Length',len(b)); self.end_headers(); self.wfile.write(b)
[11:44:54]                                                                    ^^^^^^^^^^^^^^^^^^^
[11:44:54]   File "C:\Users\1409313\AppData\Local\Programs\Python\Python312\Lib\socketserver.py", line 845, in write
[11:44:54]     self._sock.sendall(b)
[11:44:54] ConnectionAbortedError: [WinError 10053] 連線已被您主機上的軟體中止。
[11:44:54] 
[11:44:54] During handling of the above exception, another exception occurred:
[11:44:54] 
[11:44:54] Traceback (most recent call last):
[11:44:54]   File "C:\Users\1409313\AppData\Local\Programs\Python\Python312\Lib\socketserver.py", line 318, in _handle_request_noblock
[11:44:54]     self.process_request(request, client_address)
[11:44:54]   File "C:\Users\1409313\AppData\Local\Programs\Python\Python312\Lib\socketserver.py", line 349, in process_request
[11:44:54]     self.finish_request(request, client_address)
[11:44:54]   File "C:\Users\1409313\AppData\Local\Programs\Python\Python312\Lib\socketserver.py", line 362, in finish_request
[11:44:54]     self.RequestHandlerClass(request, client_address, self)
[11:44:54]   File "C:\Users\1409313\AppData\Local\Programs\Python\Python312\Lib\socketserver.py", line 766, in __init__
[11:44:54]     self.handle()
[11:44:54]   File "C:\Users\1409313\AppData\Local\Programs\Python\Python312\Lib\http\server.py", line 436, in handle
[11:44:54]     self.handle_one_request()
[11:44:54]   File "C:\Users\1409313\AppData\Local\Programs\Python\Python312\Lib\http\server.py", line 424, in handle_one_request
[11:44:54]     method()
[11:44:54]   File "\\tw100049089\00_MyAgent\THS\yield_dashboard.py", line 313, in do_GET
[11:44:54]     except Exception as e: traceback.print_exc(); self.send_json({'error':str(e)},500)
[11:44:54]                                                   ^^^^^^^^^^^^^^^^^^^^^^^^^^^^^^^^^^^^
[11:44:54]   File "\\tw100049089\00_MyAgent\THS\yield_dashboard.py", line 278, in send_json
[11:44:54]     self.end_headers(); self.wfile.write(b)
[11:44:54]     ^^^^^^^^^^^^^^^^^^
[11:44:54]   File "C:\Users\1409313\AppData\Local\Programs\Python\Python312\Lib\http\server.py", line 538, in end_headers
[11:44:54]     self.flush_headers()
[11:44:54]   File "C:\Users\1409313\AppData\Local\Programs\Python\Python312\Lib\http\server.py", line 542, in flush_headers
[11:44:54]     self.wfile.write(b"".join(self._headers_buffer))
[11:44:54]   File "C:\Users\1409313\AppData\Local\Programs\Python\Python312\Lib\socketserver.py", line 845, in write
[11:44:54]     self._sock.sendall(b)
[11:44:54] ConnectionAbortedError: [WinError 10053] 連線已被您主機上的軟體中止。
[11:44:54] ----------------------------------------

====================================================
[ 啟動於 2026-09-23 13:12:39 ]
====================================================
[13:16:12] Traceback (most recent call last):
[13:16:12]   File "\\tw100049089\00_MyAgent\THS\yield_dashboard.py", line 294, in do_GET
[13:16:12]     if   path=='/':                self.send_html(HTML)
[13:16:12]                                    ^^^^^^^^^^^^^^^^^^^^
[13:16:12]   File "\\tw100049089\00_MyAgent\THS\yield_dashboard.py", line 282, in send_html
[13:16:12]     self.send_header('Content-Length',len(b)); self.end_headers(); self.wfile.write(b)
[13:16:12]                                                                    ^^^^^^^^^^^^^^^^^^^
[13:16:12]   File "C:\Users\1409313\AppData\Local\Programs\Python\Python312\Lib\socketserver.py", line 845, in write
[13:16:12]     self._sock.sendall(b)
[13:16:12] ConnectionAbortedError: [WinError 10053] 連線已被您主機上的軟體中止。
[13:16:12] ----------------------------------------
[13:16:12] Exception occurred during processing of request from ('10.36.38.240', 60346)
[13:16:12] Traceback (most recent call last):
[13:16:12]   File "\\tw100049089\00_MyAgent\THS\yield_dashboard.py", line 294, in do_GET
[13:16:12]     if   path=='/':                self.send_html(HTML)
[13:16:12]                                    ^^^^^^^^^^^^^^^^^^^^
[13:16:12]   File "\\tw100049089\00_MyAgent\THS\yield_dashboard.py", line 282, in send_html
[13:16:12]     self.send_header('Content-Length',len(b)); self.end_headers(); self.wfile.write(b)
[13:16:12]                                                                    ^^^^^^^^^^^^^^^^^^^
[13:16:12]   File "C:\Users\1409313\AppData\Local\Programs\Python\Python312\Lib\socketserver.py", line 845, in write
[13:16:12]     self._sock.sendall(b)
[13:16:12] ConnectionAbortedError: [WinError 10053] 連線已被您主機上的軟體中止。
[13:16:12] 
[13:16:12] During handling of the above exception, another exception occurred:
[13:16:12] 
[13:16:12] Traceback (most recent call last):
[13:16:12]   File "C:\Users\1409313\AppData\Local\Programs\Python\Python312\Lib\socketserver.py", line 318, in _handle_request_noblock
[13:16:12]     self.process_request(request, client_address)
[13:16:12]   File "C:\Users\1409313\AppData\Local\Programs\Python\Python312\Lib\socketserver.py", line 349, in process_request
[13:16:12]     self.finish_request(request, client_address)
[13:16:12]   File "C:\Users\1409313\AppData\Local\Programs\Python\Python312\Lib\socketserver.py", line 362, in finish_request
[13:16:12]     self.RequestHandlerClass(request, client_address, self)
[13:16:12]   File "C:\Users\1409313\AppData\Local\Programs\Python\Python312\Lib\socketserver.py", line 766, in __init__
[13:16:12]     self.handle()
[13:16:12]   File "C:\Users\1409313\AppData\Local\Programs\Python\Python312\Lib\http\server.py", line 436, in handle
[13:16:12]     self.handle_one_request()
[13:16:12]   File "C:\Users\1409313\AppData\Local\Programs\Python\Python312\Lib\http\server.py", line 424, in handle_one_request
[13:16:12]     method()
[13:16:12]   File "\\tw100049089\00_MyAgent\THS\yield_dashboard.py", line 313, in do_GET
[13:16:12]     except Exception as e: traceback.print_exc(); self.send_json({'error':str(e)},500)
[13:16:12]                                                   ^^^^^^^^^^^^^^^^^^^^^^^^^^^^^^^^^^^^
[13:16:12]   File "\\tw100049089\00_MyAgent\THS\yield_dashboard.py", line 278, in send_json
[13:16:12]     self.end_headers(); self.wfile.write(b)
[13:16:12]     ^^^^^^^^^^^^^^^^^^
[13:16:12]   File "C:\Users\1409313\AppData\Local\Programs\Python\Python312\Lib\http\server.py", line 538, in end_headers
[13:16:12]     self.flush_headers()
[13:16:12]   File "C:\Users\1409313\AppData\Local\Programs\Python\Python312\Lib\http\server.py", line 542, in flush_headers
[13:16:12]     self.wfile.write(b"".join(self._headers_buffer))
[13:16:12]   File "C:\Users\1409313\AppData\Local\Programs\Python\Python312\Lib\socketserver.py", line 845, in write
[13:16:12]     self._sock.sendall(b)
[13:16:12] ConnectionAbortedError: [WinError 10053] 連線已被您主機上的軟體中止。
[13:16:12] ----------------------------------------

====================================================
[ 啟動於 2026-09-23 15:12:29 ]
====================================================
